// Jest Snapshot v1, https://goo.gl/fbAQLP

exports[`ProductImage should show the component with  no Image 1`] = `
<img
  alt="Product "
  className="productImg custom-class"
  src="http://hola.jpg"
/>
`;

exports[`ProductImage should show the component with product title 1`] = `
<div
  className="productCard  undefined"
>
  <img
    alt="Product "
    className="productImg undefined"
    src="./coffee-mug.png"
  />
</div>
`;
